// Jest Snapshot v1, https://goo.gl/fbAQLP

exports[`About component matches snapshot DOM node structure 1`] = `
<DocumentFragment>
  <section
    class="my-5"
  >
    <h1
      id="about"
    >
      Who am I?
    </h1>
    <img
      alt="cover"
      class="my-2"
      src="profile.jpg"
      style="width: 40%;"
    />
    <div
      class="my-2"
    >
      <p>
        I'm an aspiring web developer with ten years of administrative experience in the Federal Government.
      </p>
    </div>
  </section>
</DocumentFragment>
`;
